0 verbose cli /Users/mac/Library/Application Support/crawbot/nodejs/bin/node /Users/mac/Library/Application Support/crawbot/nodejs/bin/npm
1 info using npm@10.9.4
2 info using node@v22.22.1
3 silly config load:file:/Users/mac/Library/Application Support/crawbot/nodejs/lib/node_modules/npm/npmrc
4 silly config load:file:/Users/mac/Documents/work/saas/.npmrc
5 silly config load:file:/Users/mac/.npmrc
6 silly config load:file:/Users/mac/Library/Application Support/crawbot/nodejs/etc/npmrc
7 verbose title npm install @supabase/supabase-js @supabase/ssr lucide-react clsx tailwind-merge
8 verbose argv "install" "@supabase/supabase-js" "@supabase/ssr" "lucide-react" "clsx" "tailwind-merge" "--legacy-peer-deps" "--cache" "/Users/mac/Documents/work/saas/.npm-cache"
9 verbose logfile logs-max:10 dir:/Users/mac/Documents/work/saas/.npm-cache/_logs/2026-05-26T14_54_24_918Z-
10 verbose logfile /Users/mac/Documents/work/saas/.npm-cache/_logs/2026-05-26T14_54_24_918Z-debug-0.log
11 silly logfile done cleaning log files
12 silly packumentCache heap:4345298944 maxSize:1086324736 maxEntrySize:543162368
13 silly idealTree buildDeps
14 silly fetch manifest @supabase/supabase-js@*
15 silly packumentCache full:https://registry.npmjs.org/@supabase%2fsupabase-js cache-miss
16 verbose shrinkwrap failed to load node_modules/.package-lock.json out of date, updated: node_modules/@eslint-community
17 http fetch GET 200 https://registry.npmjs.org/@supabase%2fsupabase-js 392ms (cache miss)
18 silly packumentCache full:https://registry.npmjs.org/@supabase%2fsupabase-js set size:undefined disposed:false
19 silly fetch manifest @supabase/ssr@*
20 silly packumentCache full:https://registry.npmjs.org/@supabase%2fssr cache-miss
21 http fetch GET 200 https://registry.npmjs.org/@supabase%2fssr 78ms (cache miss)
22 silly packumentCache full:https://registry.npmjs.org/@supabase%2fssr set size:undefined disposed:false
23 silly fetch manifest lucide-react@*
24 silly packumentCache full:https://registry.npmjs.org/lucide-react cache-miss
25 http fetch GET 200 https://registry.npmjs.org/lucide-react 119ms (cache miss)
26 silly packumentCache full:https://registry.npmjs.org/lucide-react set size:undefined disposed:false
27 silly fetch manifest clsx@*
28 silly packumentCache full:https://registry.npmjs.org/clsx cache-miss
29 http fetch GET 200 https://registry.npmjs.org/clsx 219ms (cache miss)
30 silly packumentCache full:https://registry.npmjs.org/clsx set size:undefined disposed:false
31 silly fetch manifest tailwind-merge@*
32 silly packumentCache full:https://registry.npmjs.org/tailwind-merge cache-miss
33 http fetch GET 200 https://registry.npmjs.org/tailwind-merge 90ms (cache miss)
34 silly packumentCache full:https://registry.npmjs.org/tailwind-merge set size:undefined disposed:false
35 silly placeDep ROOT @supabase/ssr@0.10.3 OK for: saas@0.1.0 want: *
36 silly placeDep ROOT @supabase/supabase-js@2.106.2 OK for: saas@0.1.0 want: *
37 silly placeDep ROOT clsx@2.1.1 OK for: saas@0.1.0 want: *
38 silly placeDep ROOT lucide-react@1.16.0 OK for: saas@0.1.0 want: *
39 silly placeDep ROOT tailwind-merge@3.6.0 OK for: saas@0.1.0 want: *
40 silly fetch manifest cookie@^1.0.2
41 silly packumentCache full:https://registry.npmjs.org/cookie cache-miss
42 silly fetch manifest @supabase/auth-js@2.106.2
43 silly packumentCache full:https://registry.npmjs.org/@supabase%2fauth-js cache-miss
44 silly fetch manifest @supabase/storage-js@2.106.2
45 silly packumentCache full:https://registry.npmjs.org/@supabase%2fstorage-js cache-miss
46 silly fetch manifest @supabase/realtime-js@2.106.2
47 silly packumentCache full:https://registry.npmjs.org/@supabase%2frealtime-js cache-miss
48 silly fetch manifest @supabase/functions-js@2.106.2
49 silly packumentCache full:https://registry.npmjs.org/@supabase%2ffunctions-js cache-miss
50 silly fetch manifest @supabase/postgrest-js@2.106.2
51 silly packumentCache full:https://registry.npmjs.org/@supabase%2fpostgrest-js cache-miss
52 http fetch GET 200 https://registry.npmjs.org/cookie 62ms (cache miss)
53 silly packumentCache full:https://registry.npmjs.org/cookie set size:undefined disposed:false
54 http fetch GET 200 https://registry.npmjs.org/@supabase%2fstorage-js 224ms (cache miss)
55 silly packumentCache full:https://registry.npmjs.org/@supabase%2fstorage-js set size:undefined disposed:false
56 http fetch GET 200 https://registry.npmjs.org/@supabase%2fpostgrest-js 254ms (cache miss)
57 silly packumentCache full:https://registry.npmjs.org/@supabase%2fpostgrest-js set size:undefined disposed:false
58 http fetch GET 200 https://registry.npmjs.org/@supabase%2fauth-js 272ms (cache miss)
59 silly packumentCache full:https://registry.npmjs.org/@supabase%2fauth-js set size:undefined disposed:false
60 http fetch GET 200 https://registry.npmjs.org/@supabase%2frealtime-js 314ms (cache miss)
61 silly packumentCache full:https://registry.npmjs.org/@supabase%2frealtime-js set size:undefined disposed:false
62 http fetch GET 200 https://registry.npmjs.org/@supabase%2ffunctions-js 319ms (cache miss)
63 silly packumentCache full:https://registry.npmjs.org/@supabase%2ffunctions-js set size:undefined disposed:false
64 silly placeDep ROOT cookie@1.1.1 OK for: @supabase/ssr@0.10.3 want: ^1.0.2
65 silly placeDep ROOT @supabase/auth-js@2.106.2 OK for: @supabase/supabase-js@2.106.2 want: 2.106.2
66 silly placeDep ROOT @supabase/functions-js@2.106.2 OK for: @supabase/supabase-js@2.106.2 want: 2.106.2
67 silly placeDep ROOT @supabase/postgrest-js@2.106.2 OK for: @supabase/supabase-js@2.106.2 want: 2.106.2
68 silly placeDep ROOT @supabase/realtime-js@2.106.2 OK for: @supabase/supabase-js@2.106.2 want: 2.106.2
69 silly placeDep ROOT @supabase/storage-js@2.106.2 OK for: @supabase/supabase-js@2.106.2 want: 2.106.2
70 silly fetch manifest @supabase/phoenix@^0.4.2
71 silly packumentCache full:https://registry.npmjs.org/@supabase%2fphoenix cache-miss
72 silly fetch manifest iceberg-js@^0.8.1
73 silly packumentCache full:https://registry.npmjs.org/iceberg-js cache-miss
74 http fetch GET 200 https://registry.npmjs.org/iceberg-js 60ms (cache miss)
75 silly packumentCache full:https://registry.npmjs.org/iceberg-js set size:undefined disposed:false
76 http fetch GET 200 https://registry.npmjs.org/@supabase%2fphoenix 75ms (cache miss)
77 silly packumentCache full:https://registry.npmjs.org/@supabase%2fphoenix set size:undefined disposed:false
78 silly placeDep ROOT @supabase/phoenix@0.4.2 OK for: @supabase/realtime-js@2.106.2 want: ^0.4.2
79 silly placeDep ROOT iceberg-js@0.8.1 OK for: @supabase/storage-js@2.106.2 want: ^0.8.1
80 silly reify moves {}
81 verbose reify failed optional dependency /Users/mac/Documents/work/saas/node_modules/@tailwindcss/oxide-wasm32-wasi
82 silly reify mark deleted [
82 silly reify   '/Users/mac/Documents/work/saas/node_modules/@tailwindcss/oxide-wasm32-wasi'
82 silly reify ]
83 silly audit bulk request {
83 silly audit   '@alloc/quick-lru': [ '5.2.0' ],
83 silly audit   '@babel/code-frame': [ '7.29.7' ],
83 silly audit   '@babel/compat-data': [ '7.29.7' ],
83 silly audit   '@babel/core': [ '7.29.7' ],
83 silly audit   '@babel/generator': [ '7.29.7' ],
83 silly audit   '@babel/helper-compilation-targets': [ '7.29.7' ],
83 silly audit   '@babel/helper-globals': [ '7.29.7' ],
83 silly audit   '@babel/helper-module-imports': [ '7.29.7' ],
83 silly audit   '@babel/helper-module-transforms': [ '7.29.7' ],
83 silly audit   '@babel/helper-string-parser': [ '7.29.7' ],
83 silly audit   '@babel/helper-validator-identifier': [ '7.29.7' ],
83 silly audit   '@babel/helper-validator-option': [ '7.29.7' ],
83 silly audit   '@babel/helpers': [ '7.29.7' ],
83 silly audit   '@babel/parser': [ '7.29.7' ],
83 silly audit   '@babel/template': [ '7.29.7' ],
83 silly audit   '@babel/traverse': [ '7.29.7' ],
83 silly audit   '@babel/types': [ '7.29.7' ],
83 silly audit   '@emnapi/core': [ '1.10.0' ],
83 silly audit   '@emnapi/runtime': [ '1.10.0' ],
83 silly audit   '@emnapi/wasi-threads': [ '1.2.1' ],
83 silly audit   '@eslint-community/eslint-utils': [ '4.9.1' ],
83 silly audit   'eslint-visitor-keys': [ '3.4.3', '5.0.1', '4.2.1' ],
83 silly audit   '@eslint-community/regexpp': [ '4.12.2' ],
83 silly audit   '@eslint/config-array': [ '0.21.2' ],
83 silly audit   '@eslint/config-helpers': [ '0.4.2' ],
83 silly audit   '@eslint/core': [ '0.17.0' ],
83 silly audit   '@eslint/eslintrc': [ '3.3.5' ],
83 silly audit   '@eslint/js': [ '9.39.4' ],
83 silly audit   '@eslint/object-schema': [ '2.1.7' ],
83 silly audit   '@eslint/plugin-kit': [ '0.4.1' ],
83 silly audit   '@humanfs/core': [ '0.19.2' ],
83 silly audit   '@humanfs/node': [ '0.16.8' ],
83 silly audit   '@humanfs/types': [ '0.15.0' ],
83 silly audit   '@humanwhocodes/module-importer': [ '1.0.1' ],
83 silly audit   '@humanwhocodes/retry': [ '0.4.3' ],
83 silly audit   '@img/colour': [ '1.1.0' ],
83 silly audit   '@img/sharp-darwin-arm64': [ '0.34.5' ],
83 silly audit   '@img/sharp-darwin-x64': [ '0.34.5' ],
83 silly audit   '@img/sharp-libvips-darwin-arm64': [ '1.2.4' ],
83 silly audit   '@img/sharp-libvips-darwin-x64': [ '1.2.4' ],
83 silly audit   '@img/sharp-libvips-linux-arm': [ '1.2.4' ],
83 silly audit   '@img/sharp-libvips-linux-arm64': [ '1.2.4' ],
83 silly audit   '@img/sharp-libvips-linux-ppc64': [ '1.2.4' ],
83 silly audit   '@img/sharp-libvips-linux-riscv64': [ '1.2.4' ],
83 silly audit   '@img/sharp-libvips-linux-s390x': [ '1.2.4' ],
83 silly audit   '@img/sharp-libvips-linux-x64': [ '1.2.4' ],
83 silly audit   '@img/sharp-libvips-linuxmusl-arm64': [ '1.2.4' ],
83 silly audit   '@img/sharp-libvips-linuxmusl-x64': [ '1.2.4' ],
83 silly audit   '@img/sharp-linux-arm': [ '0.34.5' ],
83 silly audit   '@img/sharp-linux-arm64': [ '0.34.5' ],
83 silly audit   '@img/sharp-linux-ppc64': [ '0.34.5' ],
83 silly audit   '@img/sharp-linux-riscv64': [ '0.34.5' ],
83 silly audit   '@img/sharp-linux-s390x': [ '0.34.5' ],
83 silly audit   '@img/sharp-linux-x64': [ '0.34.5' ],
83 silly audit   '@img/sharp-linuxmusl-arm64': [ '0.34.5' ],
83 silly audit   '@img/sharp-linuxmusl-x64': [ '0.34.5' ],
83 silly audit   '@img/sharp-wasm32': [ '0.34.5' ],
83 silly audit   '@img/sharp-win32-arm64': [ '0.34.5' ],
83 silly audit   '@img/sharp-win32-ia32': [ '0.34.5' ],
83 silly audit   '@img/sharp-win32-x64': [ '0.34.5' ],
83 silly audit   '@jridgewell/gen-mapping': [ '0.3.13' ],
83 silly audit   '@jridgewell/remapping': [ '2.3.5' ],
83 silly audit   '@jridgewell/resolve-uri': [ '3.1.2' ],
83 silly audit   '@jridgewell/sourcemap-codec': [ '1.5.5' ],
83 silly audit   '@jridgewell/trace-mapping': [ '0.3.31' ],
83 silly audit   '@napi-rs/wasm-runtime': [ '1.1.4' ],
83 silly audit   '@next/env': [ '16.2.6' ],
83 silly audit   '@next/eslint-plugin-next': [ '16.2.6' ],
83 silly audit   '@next/swc-darwin-arm64': [ '16.2.6' ],
83 silly audit   '@next/swc-darwin-x64': [ '16.2.6' ],
83 silly audit   '@next/swc-linux-arm64-gnu': [ '16.2.6' ],
83 silly audit   '@next/swc-linux-arm64-musl': [ '16.2.6' ],
83 silly audit   '@next/swc-linux-x64-gnu': [ '16.2.6' ],
83 silly audit   '@next/swc-linux-x64-musl': [ '16.2.6' ],
83 silly audit   '@next/swc-win32-arm64-msvc': [ '16.2.6' ],
83 silly audit   '@next/swc-win32-x64-msvc': [ '16.2.6' ],
83 silly audit   '@nodelib/fs.scandir': [ '2.1.5' ],
83 silly audit   '@nodelib/fs.stat': [ '2.0.5' ],
83 silly audit   '@nodelib/fs.walk': [ '1.2.8' ],
83 silly audit   '@nolyfill/is-core-module': [ '1.0.39' ],
83 silly audit   '@rtsao/scc': [ '1.1.0' ],
83 silly audit   '@swc/helpers': [ '0.5.15' ],
83 silly audit   '@tailwindcss/node': [ '4.3.0' ],
83 silly audit   '@tailwindcss/oxide': [ '4.3.0' ],
83 silly audit   '@tailwindcss/oxide-android-arm64': [ '4.3.0' ],
83 silly audit   '@tailwindcss/oxide-darwin-arm64': [ '4.3.0' ],
83 silly audit   '@tailwindcss/oxide-darwin-x64': [ '4.3.0' ],
83 silly audit   '@tailwindcss/oxide-freebsd-x64': [ '4.3.0' ],
83 silly audit   '@tailwindcss/oxide-linux-arm-gnueabihf': [ '4.3.0' ],
83 silly audit   '@tailwindcss/oxide-linux-arm64-gnu': [ '4.3.0' ],
83 silly audit   '@tailwindcss/oxide-linux-arm64-musl': [ '4.3.0' ],
83 silly audit   '@tailwindcss/oxide-linux-x64-gnu': [ '4.3.0' ],
83 silly audit   '@tailwindcss/oxide-linux-x64-musl': [ '4.3.0' ],
83 silly audit   '@tailwindcss/oxide-win32-arm64-msvc': [ '4.3.0' ],
83 silly audit   '@tailwindcss/oxide-win32-x64-msvc': [ '4.3.0' ],
83 silly audit   '@tailwindcss/postcss': [ '4.3.0' ],
83 silly audit   '@tybys/wasm-util': [ '0.10.2' ],
83 silly audit   '@types/estree': [ '1.0.9' ],
83 silly audit   '@types/json-schema': [ '7.0.15' ],
83 silly audit   '@types/json5': [ '0.0.29' ],
83 silly audit   '@types/node': [ '20.19.41' ],
83 silly audit   '@types/react': [ '19.2.15' ],
83 silly audit   '@types/react-dom': [ '19.2.3' ],
83 silly audit   '@typescript-eslint/eslint-plugin': [ '8.60.0' ],
83 silly audit   ignore: [ '7.0.5', '5.3.2' ],
83 silly audit   '@typescript-eslint/parser': [ '8.60.0' ],
83 silly audit   '@typescript-eslint/project-service': [ '8.60.0' ],
83 silly audit   '@typescript-eslint/scope-manager': [ '8.60.0' ],
83 silly audit   '@typescript-eslint/tsconfig-utils': [ '8.60.0' ],
83 silly audit   '@typescript-eslint/type-utils': [ '8.60.0' ],
83 silly audit   '@typescript-eslint/types': [ '8.60.0' ],
83 silly audit   '@typescript-eslint/typescript-estree': [ '8.60.0' ],
83 silly audit   'balanced-match': [ '4.0.4', '1.0.2' ],
83 silly audit   'brace-expansion': [ '5.0.6', '1.1.15' ],
83 silly audit   minimatch: [ '10.2.5', '3.1.5' ],
83 silly audit   semver: [ '7.8.1', '6.3.1' ],
83 silly audit   '@typescript-eslint/utils': [ '8.60.0' ],
83 silly audit   '@typescript-eslint/visitor-keys': [ '8.60.0' ],
83 silly audit   '@unrs/resolver-binding-android-arm-eabi': [ '1.12.2' ],
83 silly audit   '@unrs/resolver-binding-android-arm64': [ '1.12.2' ],
83 silly audit   '@unrs/resolver-binding-darwin-arm64': [ '1.12.2' ],
83 silly audit   '@unrs/resolver-binding-darwin-x64': [ '1.12.2' ],
83 silly audit   '@unrs/resolver-binding-freebsd-x64': [ '1.12.2' ],
83 silly audit   '@unrs/resolver-binding-linux-arm-gnueabihf': [ '1.12.2' ],
83 silly audit   '@unrs/resolver-binding-linux-arm-musleabihf': [ '1.12.2' ],
83 silly audit   '@unrs/resolver-binding-linux-arm64-gnu': [ '1.12.2' ],
83 silly audit   '@unrs/resolver-binding-linux-arm64-musl': [ '1.12.2' ],
83 silly audit   '@unrs/resolver-binding-linux-loong64-gnu': [ '1.12.2' ],
83 silly audit   '@unrs/resolver-binding-linux-loong64-musl': [ '1.12.2' ],
83 silly audit   '@unrs/resolver-binding-linux-ppc64-gnu': [ '1.12.2' ],
83 silly audit   '@unrs/resolver-binding-linux-riscv64-gnu': [ '1.12.2' ],
83 silly audit   '@unrs/resolver-binding-linux-riscv64-musl': [ '1.12.2' ],
83 silly audit   '@unrs/resolver-binding-linux-s390x-gnu': [ '1.12.2' ],
83 silly audit   '@unrs/resolver-binding-linux-x64-gnu': [ '1.12.2' ],
83 silly audit   '@unrs/resolver-binding-linux-x64-musl': [ '1.12.2' ],
83 silly audit   '@unrs/resolver-binding-openharmony-arm64': [ '1.12.2' ],
83 silly audit   '@unrs/resolver-binding-wasm32-wasi': [ '1.12.2' ],
83 silly audit   '@unrs/resolver-binding-win32-arm64-msvc': [ '1.12.2' ],
83 silly audit   '@unrs/resolver-binding-win32-ia32-msvc': [ '1.12.2' ],
83 silly audit   '@unrs/resolver-binding-win32-x64-msvc': [ '1.12.2' ],
83 silly audit   acorn: [ '8.16.0' ],
83 silly audit   'acorn-jsx': [ '5.3.2' ],
83 silly audit   ajv: [ '6.15.0' ],
83 silly audit   'ansi-styles': [ '4.3.0' ],
83 silly audit   argparse: [ '2.0.1' ],
83 silly audit   'aria-query': [ '5.3.2' ],
83 silly audit   'array-buffer-byte-length': [ '1.0.2' ],
83 silly audit   'array-includes': [ '3.1.9' ],
83 silly audit   'array.prototype.findlast': [ '1.2.5' ],
83 silly audit   'array.prototype.findlastindex': [ '1.2.6' ],
83 silly audit   'array.prototype.flat': [ '1.3.3' ],
83 silly audit   'array.prototype.flatmap': [ '1.3.3' ],
83 silly audit   'array.prototype.tosorted': [ '1.1.4' ],
83 silly audit   'arraybuffer.prototype.slice': [ '1.0.4' ],
83 silly audit   'ast-types-flow': [ '0.0.8' ],
83 silly audit   'async-function': [ '1.0.0' ],
83 silly audit   'available-typed-arrays': [ '1.0.7' ],
83 silly audit   'axe-core': [ '4.11.4' ],
83 silly audit   'axobject-query': [ '4.1.0' ],
83 silly audit   'baseline-browser-mapping': [ '2.10.32' ],
83 silly audit   braces: [ '3.0.3' ],
83 silly audit   browserslist: [ '4.28.2' ],
83 silly audit   'call-bind': [ '1.0.9' ],
83 silly audit   'call-bind-apply-helpers': [ '1.0.2' ],
83 silly audit   'call-bound': [ '1.0.4' ],
83 silly audit   callsites: [ '3.1.0' ],
83 silly audit   'caniuse-lite': [ '1.0.30001793' ],
83 silly audit   chalk: [ '4.1.2' ],
83 silly audit   'client-only': [ '0.0.1' ],
83 silly audit   'color-convert': [ '2.0.1' ],
83 silly audit   'color-name': [ '1.1.4' ],
83 silly audit   'concat-map': [ '0.0.1' ],
83 silly audit   'convert-source-map': [ '2.0.0' ],
83 silly audit   'cross-spawn': [ '7.0.6' ],
83 silly audit   csstype: [ '3.2.3' ],
83 silly audit   'damerau-levenshtein': [ '1.0.8' ],
83 silly audit   'data-view-buffer': [ '1.0.2' ],
83 silly audit   'data-view-byte-length': [ '1.0.2' ],
83 silly audit   'data-view-byte-offset': [ '1.0.1' ],
83 silly audit   debug: [ '4.4.3', '3.2.7' ],
83 silly audit   'deep-is': [ '0.1.4' ],
83 silly audit   'define-data-property': [ '1.1.4' ],
83 silly audit   'define-properties': [ '1.2.1' ],
83 silly audit   'detect-libc': [ '2.1.2' ],
83 silly audit   doctrine: [ '2.1.0' ],
83 silly audit   'dunder-proto': [ '1.0.1' ],
83 silly audit   'electron-to-chromium': [ '1.5.361' ],
83 silly audit   'emoji-regex': [ '9.2.2' ],
83 silly audit   'enhanced-resolve': [ '5.22.0' ],
83 silly audit   'es-abstract': [ '1.24.2' ],
83 silly audit   'es-define-property': [ '1.0.1' ],
83 silly audit   'es-errors': [ '1.3.0' ],
83 silly audit   'es-iterator-helpers': [ '1.3.2' ],
83 silly audit   'es-object-atoms': [ '1.1.2' ],
83 silly audit   'es-set-tostringtag': [ '2.1.0' ],
83 silly audit   'es-shim-unscopables': [ '1.1.0' ],
83 silly audit   'es-to-primitive': [ '1.3.0' ],
83 silly audit   escalade: [ '3.2.0' ],
83 silly audit   'escape-string-regexp': [ '4.0.0' ],
83 silly audit   eslint: [ '9.39.4' ],
83 silly audit   'eslint-config-next': [ '16.2.6' ],
83 silly audit   globals: [ '16.4.0', '14.0.0' ],
83 silly audit   'eslint-import-resolver-node': [ '0.3.10' ],
83 silly audit   'eslint-import-resolver-typescript': [ '3.10.1' ],
83 silly audit   'eslint-module-utils': [ '2.12.1' ],
83 silly audit   'eslint-plugin-import': [ '2.32.0' ],
83 silly audit   'eslint-plugin-jsx-a11y': [ '6.10.2' ],
83 silly audit   'eslint-plugin-react': [ '7.37.5' ],
83 silly audit   'eslint-plugin-react-hooks': [ '7.1.1' ],
83 silly audit   'eslint-scope': [ '8.4.0' ],
83 silly audit   espree: [ '10.4.0' ],
83 silly audit   esquery: [ '1.7.0' ],
83 silly audit   esrecurse: [ '4.3.0' ],
83 silly audit   estraverse: [ '5.3.0' ],
83 silly audit   esutils: [ '2.0.3' ],
83 silly audit   'fast-deep-equal': [ '3.1.3' ],
83 silly audit   'fast-glob': [ '3.3.1' ],
83 silly audit   'glob-parent': [ '5.1.2', '6.0.2' ],
83 silly audit   'fast-json-stable-stringify': [ '2.1.0' ],
83 silly audit   'fast-levenshtein': [ '2.0.6' ],
83 silly audit   fastq: [ '1.20.1' ],
83 silly audit   fdir: [ '6.5.0' ],
83 silly audit   'file-entry-cache': [ '8.0.0' ],
83 silly audit   'fill-range': [ '7.1.1' ],
83 silly audit   'find-up': [ '5.0.0' ],
83 silly audit   'flat-cache': [ '4.0.1' ],
83 silly audit   flatted: [ '3.4.2' ],
83 silly audit   'for-each': [ '0.3.5' ],
83 silly audit   'function-bind': [ '1.1.2' ],
83 silly audit   'function.prototype.name': [ '1.1.8' ],
83 silly audit   'functions-have-names': [ '1.2.3' ],
83 silly audit   'generator-function': [ '2.0.1' ],
83 silly audit   gensync: [ '1.0.0-beta.2' ],
83 silly audit   'get-intrinsic': [ '1.3.0' ],
83 silly audit   'get-proto': [ '1.0.1' ],
83 silly audit   'get-symbol-description': [ '1.1.0' ],
83 silly audit   'get-tsconfig': [ '4.14.0' ],
83 silly audit   globalthis: [ '1.0.4' ],
83 silly audit   gopd: [ '1.2.0' ],
83 silly audit   'graceful-fs': [ '4.2.11' ],
83 silly audit   'has-bigints': [ '1.1.0' ],
83 silly audit   'has-flag': [ '4.0.0' ],
83 silly audit   'has-property-descriptors': [ '1.0.2' ],
83 silly audit   'has-proto': [ '1.2.0' ],
83 silly audit   'has-symbols': [ '1.1.0' ],
83 silly audit   'has-tostringtag': [ '1.0.2' ],
83 silly audit   hasown: [ '2.0.3' ],
83 silly audit   'hermes-estree': [ '0.25.1' ],
83 silly audit   'hermes-parser': [ '0.25.1' ],
83 silly audit   'import-fresh': [ '3.3.1' ],
83 silly audit   imurmurhash: [ '0.1.4' ],
83 silly audit   'internal-slot': [ '1.1.0' ],
83 silly audit   'is-array-buffer': [ '3.0.5' ],
83 silly audit   'is-async-function': [ '2.1.1' ],
83 silly audit   'is-bigint': [ '1.1.0' ],
83 silly audit   'is-boolean-object': [ '1.2.2' ],
83 silly audit   'is-bun-module': [ '2.0.0' ],
83 silly audit   'is-callable': [ '1.2.7' ],
83 silly audit   'is-core-module': [ '2.16.2' ],
83 silly audit   'is-data-view': [ '1.0.2' ],
83 silly audit   'is-date-object': [ '1.1.0' ],
83 silly audit   'is-extglob': [ '2.1.1' ],
83 silly audit   'is-finalizationregistry': [ '1.1.1' ],
83 silly audit   'is-generator-function': [ '1.1.2' ],
83 silly audit   'is-glob': [ '4.0.3' ],
83 silly audit   'is-map': [ '2.0.3' ],
83 silly audit   'is-negative-zero': [ '2.0.3' ],
83 silly audit   'is-number': [ '7.0.0' ],
83 silly audit   'is-number-object': [ '1.1.1' ],
83 silly audit   'is-regex': [ '1.2.1' ],
83 silly audit   'is-set': [ '2.0.3' ],
83 silly audit   'is-shared-array-buffer': [ '1.0.4' ],
83 silly audit   'is-string': [ '1.1.1' ],
83 silly audit   'is-symbol': [ '1.1.1' ],
83 silly audit   'is-typed-array': [ '1.1.15' ],
83 silly audit   'is-weakmap': [ '2.0.2' ],
83 silly audit   'is-weakref': [ '1.1.1' ],
83 silly audit   'is-weakset': [ '2.0.4' ],
83 silly audit   isarray: [ '2.0.5' ],
83 silly audit   isexe: [ '2.0.0' ],
83 silly audit   'iterator.prototype': [ '1.1.5' ],
83 silly audit   jiti: [ '2.7.0' ],
83 silly audit   'js-tokens': [ '4.0.0' ],
83 silly audit   'js-yaml': [ '4.1.1' ],
83 silly audit   jsesc: [ '3.1.0' ],
83 silly audit   'json-buffer': [ '3.0.1' ],
83 silly audit   'json-schema-traverse': [ '0.4.1' ],
83 silly audit   'json-stable-stringify-without-jsonify': [ '1.0.1' ],
83 silly audit   json5: [ '2.2.3', '1.0.2' ],
83 silly audit   'jsx-ast-utils': [ '3.3.5' ],
83 silly audit   keyv: [ '4.5.4' ],
83 silly audit   'language-subtag-registry': [ '0.3.23' ],
83 silly audit   'language-tags': [ '1.0.9' ],
83 silly audit   levn: [ '0.4.1' ],
83 silly audit   lightningcss: [ '1.32.0' ],
83 silly audit   'lightningcss-android-arm64': [ '1.32.0' ],
83 silly audit   'lightningcss-darwin-arm64': [ '1.32.0' ],
83 silly audit   'lightningcss-darwin-x64': [ '1.32.0' ],
83 silly audit   'lightningcss-freebsd-x64': [ '1.32.0' ],
83 silly audit   'lightningcss-linux-arm-gnueabihf': [ '1.32.0' ],
83 silly audit   'lightningcss-linux-arm64-gnu': [ '1.32.0' ],
83 silly audit   'lightningcss-linux-arm64-musl': [ '1.32.0' ],
83 silly audit   'lightningcss-linux-x64-gnu': [ '1.32.0' ],
83 silly audit   'lightningcss-linux-x64-musl': [ '1.32.0' ],
83 silly audit   'lightningcss-win32-arm64-msvc': [ '1.32.0' ],
83 silly audit   'lightningcss-win32-x64-msvc': [ '1.32.0' ],
83 silly audit   'locate-path': [ '6.0.0' ],
83 silly audit   'lodash.merge': [ '4.6.2' ],
83 silly audit   'loose-envify': [ '1.4.0' ],
83 silly audit   'lru-cache': [ '5.1.1' ],
83 silly audit   'magic-string': [ '0.30.21' ],
83 silly audit   'math-intrinsics': [ '1.1.0' ],
83 silly audit   merge2: [ '1.4.1' ],
83 silly audit   micromatch: [ '4.0.8' ],
83 silly audit   minimist: [ '1.2.8' ],
83 silly audit   ms: [ '2.1.3' ],
83 silly audit   nanoid: [ '3.3.12' ],
83 silly audit   'napi-postinstall': [ '0.3.4' ],
83 silly audit   'natural-compare': [ '1.4.0' ],
83 silly audit   next: [ '16.2.6' ],
83 silly audit   postcss: [ '8.4.31', '8.5.15' ],
83 silly audit   'node-exports-info': [ '1.6.0' ],
83 silly audit   'node-releases': [ '2.0.46' ],
83 silly audit   'object-assign': [ '4.1.1' ],
83 silly audit   'object-inspect': [ '1.13.4' ],
83 silly audit   'object-keys': [ '1.1.1' ],
83 silly audit   'object.assign': [ '4.1.7' ],
83 silly audit   'object.entries': [ '1.1.9' ],
83 silly audit   'object.fromentries': [ '2.0.8' ],
83 silly audit   'object.groupby': [ '1.0.3' ],
83 silly audit   'object.values': [ '1.2.1' ],
83 silly audit   optionator: [ '0.9.4' ],
83 silly audit   'own-keys': [ '1.0.1' ],
83 silly audit   'p-limit': [ '3.1.0' ],
83 silly audit   'p-locate': [ '5.0.0' ],
83 silly audit   'parent-module': [ '1.0.1' ],
83 silly audit   'path-exists': [ '4.0.0' ],
83 silly audit   'path-key': [ '3.1.1' ],
83 silly audit   'path-parse': [ '1.0.7' ],
83 silly audit   picocolors: [ '1.1.1' ],
83 silly audit   picomatch: [ '2.3.2', '4.0.4' ],
83 silly audit   'possible-typed-array-names': [ '1.1.0' ],
83 silly audit   'prelude-ls': [ '1.2.1' ],
83 silly audit   'prop-types': [ '15.8.1' ],
83 silly audit   punycode: [ '2.3.1' ],
83 silly audit   'queue-microtask': [ '1.2.3' ],
83 silly audit   react: [ '19.2.4' ],
83 silly audit   'react-dom': [ '19.2.4' ],
83 silly audit   'react-is': [ '16.13.1' ],
83 silly audit   'reflect.getprototypeof': [ '1.0.10' ],
83 silly audit   'regexp.prototype.flags': [ '1.5.4' ],
83 silly audit   resolve: [ '2.0.0-next.7' ],
83 silly audit   'resolve-from': [ '4.0.0' ],
83 silly audit   'resolve-pkg-maps': [ '1.0.0' ],
83 silly audit   reusify: [ '1.1.0' ],
83 silly audit   'run-parallel': [ '1.2.0' ],
83 silly audit   'safe-array-concat': [ '1.1.4' ],
83 silly audit   'safe-push-apply': [ '1.0.0' ],
83 silly audit   'safe-regex-test': [ '1.1.0' ],
83 silly audit   scheduler: [ '0.27.0' ],
83 silly audit   'set-function-length': [ '1.2.2' ],
83 silly audit   'set-function-name': [ '2.0.2' ],
83 silly audit   'set-proto': [ '1.0.0' ],
83 silly audit   sharp: [ '0.34.5' ],
83 silly audit   'shebang-command': [ '2.0.0' ],
83 silly audit   'shebang-regex': [ '3.0.0' ],
83 silly audit   'side-channel': [ '1.1.0' ],
83 silly audit   'side-channel-list': [ '1.0.1' ],
83 silly audit   'side-channel-map': [ '1.0.1' ],
83 silly audit   'side-channel-weakmap': [ '1.0.2' ],
83 silly audit   'source-map-js': [ '1.2.1' ],
83 silly audit   'stable-hash': [ '0.0.5' ],
83 silly audit   'stop-iteration-iterator': [ '1.1.0' ],
83 silly audit   'string.prototype.includes': [ '2.0.1' ],
83 silly audit   'string.prototype.matchall': [ '4.0.12' ],
83 silly audit   'string.prototype.repeat': [ '1.0.0' ],
83 silly audit   'string.prototype.trim': [ '1.2.10' ],
83 silly audit   'string.prototype.trimend': [ '1.0.9' ],
83 silly audit   'string.prototype.trimstart': [ '1.0.8' ],
83 silly audit   'strip-bom': [ '3.0.0' ],
83 silly audit   'strip-json-comments': [ '3.1.1' ],
83 silly audit   'styled-jsx': [ '5.1.6' ],
83 silly audit   'supports-color': [ '7.2.0' ],
83 silly audit   'supports-preserve-symlinks-flag': [ '1.0.0' ],
83 silly audit   tailwindcss: [ '4.3.0' ],
83 silly audit   tapable: [ '2.3.3' ],
83 silly audit   tinyglobby: [ '0.2.16' ],
83 silly audit   'to-regex-range': [ '5.0.1' ],
83 silly audit   'ts-api-utils': [ '2.5.0' ],
83 silly audit   'tsconfig-paths': [ '3.15.0' ],
83 silly audit   tslib: [ '2.8.1' ],
83 silly audit   'type-check': [ '0.4.0' ],
83 silly audit   'typed-array-buffer': [ '1.0.3' ],
83 silly audit   'typed-array-byte-length': [ '1.0.3' ],
83 silly audit   'typed-array-byte-offset': [ '1.0.4' ],
83 silly audit   'typed-array-length': [ '1.0.7' ],
83 silly audit   typescript: [ '5.9.3' ],
83 silly audit   'typescript-eslint': [ '8.60.0' ],
83 silly audit   'unbox-primitive': [ '1.1.0' ],
83 silly audit   'undici-types': [ '6.21.0' ],
83 silly audit   'unrs-resolver': [ '1.12.2' ],
83 silly audit   'update-browserslist-db': [ '1.2.3' ],
83 silly audit   'uri-js': [ '4.4.1' ],
83 silly audit   which: [ '2.0.2' ],
83 silly audit   'which-boxed-primitive': [ '1.1.1' ],
83 silly audit   'which-builtin-type': [ '1.2.1' ],
83 silly audit   'which-collection': [ '1.0.2' ],
83 silly audit   'which-typed-array': [ '1.1.20' ],
83 silly audit   'word-wrap': [ '1.2.5' ],
83 silly audit   yallist: [ '3.1.1' ],
83 silly audit   'yocto-queue': [ '0.1.0' ],
83 silly audit   zod: [ '4.4.3' ],
83 silly audit   'zod-validation-error': [ '4.0.2' ],
83 silly audit   '@supabase/ssr': [ '0.10.3' ],
83 silly audit   '@supabase/supabase-js': [ '2.106.2' ],
83 silly audit   clsx: [ '2.1.1' ],
83 silly audit   'lucide-react': [ '1.16.0' ],
83 silly audit   'tailwind-merge': [ '3.6.0' ],
83 silly audit   cookie: [ '1.1.1' ],
83 silly audit   '@supabase/auth-js': [ '2.106.2' ],
83 silly audit   '@supabase/functions-js': [ '2.106.2' ],
83 silly audit   '@supabase/postgrest-js': [ '2.106.2' ],
83 silly audit   '@supabase/realtime-js': [ '2.106.2' ],
83 silly audit   '@supabase/storage-js': [ '2.106.2' ],
83 silly audit   '@supabase/phoenix': [ '0.4.2' ],
83 silly audit   'iceberg-js': [ '0.8.1' ],
83 silly audit   '@tailwindcss/oxide-wasm32-wasi': [ '4.3.0' ]
83 silly audit }
84 verbose reify failed optional dependency /Users/mac/Documents/work/saas/node_modules/lightningcss-win32-x64-msvc
85 silly reify mark deleted [
85 silly reify   '/Users/mac/Documents/work/saas/node_modules/lightningcss-win32-x64-msvc'
85 silly reify ]
86 verbose reify failed optional dependency /Users/mac/Documents/work/saas/node_modules/lightningcss-win32-arm64-msvc
87 silly reify mark deleted [
87 silly reify   '/Users/mac/Documents/work/saas/node_modules/lightningcss-win32-arm64-msvc'
87 silly reify ]
88 verbose reify failed optional dependency /Users/mac/Documents/work/saas/node_modules/lightningcss-linux-x64-musl
89 silly reify mark deleted [
89 silly reify   '/Users/mac/Documents/work/saas/node_modules/lightningcss-linux-x64-musl'
89 silly reify ]
90 verbose reify failed optional dependency /Users/mac/Documents/work/saas/node_modules/lightningcss-linux-x64-gnu
91 silly reify mark deleted [
91 silly reify   '/Users/mac/Documents/work/saas/node_modules/lightningcss-linux-x64-gnu'
91 silly reify ]
92 verbose reify failed optional dependency /Users/mac/Documents/work/saas/node_modules/lightningcss-linux-arm64-musl
93 silly reify mark deleted [
93 silly reify   '/Users/mac/Documents/work/saas/node_modules/lightningcss-linux-arm64-musl'
93 silly reify ]
94 verbose reify failed optional dependency /Users/mac/Documents/work/saas/node_modules/lightningcss-linux-arm64-gnu
95 silly reify mark deleted [
95 silly reify   '/Users/mac/Documents/work/saas/node_modules/lightningcss-linux-arm64-gnu'
95 silly reify ]
96 verbose reify failed optional dependency /Users/mac/Documents/work/saas/node_modules/lightningcss-linux-arm-gnueabihf
97 silly reify mark deleted [
97 silly reify   '/Users/mac/Documents/work/saas/node_modules/lightningcss-linux-arm-gnueabihf'
97 silly reify ]
98 verbose reify failed optional dependency /Users/mac/Documents/work/saas/node_modules/lightningcss-freebsd-x64
99 silly reify mark deleted [
99 silly reify   '/Users/mac/Documents/work/saas/node_modules/lightningcss-freebsd-x64'
99 silly reify ]
100 verbose reify failed optional dependency /Users/mac/Documents/work/saas/node_modules/lightningcss-darwin-x64
101 silly reify mark deleted [
101 silly reify   '/Users/mac/Documents/work/saas/node_modules/lightningcss-darwin-x64'
101 silly reify ]
102 verbose reify failed optional dependency /Users/mac/Documents/work/saas/node_modules/lightningcss-android-arm64
103 silly reify mark deleted [
103 silly reify   '/Users/mac/Documents/work/saas/node_modules/lightningcss-android-arm64'
103 silly reify ]
104 verbose reify failed optional dependency /Users/mac/Documents/work/saas/node_modules/@unrs/resolver-binding-win32-x64-msvc
105 silly reify mark deleted [
105 silly reify   '/Users/mac/Documents/work/saas/node_modules/@unrs/resolver-binding-win32-x64-msvc'
105 silly reify ]
106 verbose reify failed optional dependency /Users/mac/Documents/work/saas/node_modules/@unrs/resolver-binding-win32-ia32-msvc
107 silly reify mark deleted [
107 silly reify   '/Users/mac/Documents/work/saas/node_modules/@unrs/resolver-binding-win32-ia32-msvc'
107 silly reify ]
108 verbose reify failed optional dependency /Users/mac/Documents/work/saas/node_modules/@unrs/resolver-binding-win32-arm64-msvc
109 silly reify mark deleted [
109 silly reify   '/Users/mac/Documents/work/saas/node_modules/@unrs/resolver-binding-win32-arm64-msvc'
109 silly reify ]
110 verbose reify failed optional dependency /Users/mac/Documents/work/saas/node_modules/@unrs/resolver-binding-wasm32-wasi
111 silly reify mark deleted [
111 silly reify   '/Users/mac/Documents/work/saas/node_modules/@unrs/resolver-binding-wasm32-wasi'
111 silly reify ]
112 verbose reify failed optional dependency /Users/mac/Documents/work/saas/node_modules/@unrs/resolver-binding-openharmony-arm64
113 silly reify mark deleted [
113 silly reify   '/Users/mac/Documents/work/saas/node_modules/@unrs/resolver-binding-openharmony-arm64'
113 silly reify ]
114 verbose reify failed optional dependency /Users/mac/Documents/work/saas/node_modules/@unrs/resolver-binding-linux-x64-musl
115 silly reify mark deleted [
115 silly reify   '/Users/mac/Documents/work/saas/node_modules/@unrs/resolver-binding-linux-x64-musl'
115 silly reify ]
116 verbose reify failed optional dependency /Users/mac/Documents/work/saas/node_modules/@unrs/resolver-binding-linux-x64-gnu
117 silly reify mark deleted [
117 silly reify   '/Users/mac/Documents/work/saas/node_modules/@unrs/resolver-binding-linux-x64-gnu'
117 silly reify ]
118 verbose reify failed optional dependency /Users/mac/Documents/work/saas/node_modules/@unrs/resolver-binding-linux-s390x-gnu
119 silly reify mark deleted [
119 silly reify   '/Users/mac/Documents/work/saas/node_modules/@unrs/resolver-binding-linux-s390x-gnu'
119 silly reify ]
120 verbose reify failed optional dependency /Users/mac/Documents/work/saas/node_modules/@unrs/resolver-binding-linux-riscv64-musl
121 silly reify mark deleted [
121 silly reify   '/Users/mac/Documents/work/saas/node_modules/@unrs/resolver-binding-linux-riscv64-musl'
121 silly reify ]
122 verbose reify failed optional dependency /Users/mac/Documents/work/saas/node_modules/@unrs/resolver-binding-linux-riscv64-gnu
123 silly reify mark deleted [
123 silly reify   '/Users/mac/Documents/work/saas/node_modules/@unrs/resolver-binding-linux-riscv64-gnu'
123 silly reify ]
124 verbose reify failed optional dependency /Users/mac/Documents/work/saas/node_modules/@unrs/resolver-binding-linux-ppc64-gnu
125 silly reify mark deleted [
125 silly reify   '/Users/mac/Documents/work/saas/node_modules/@unrs/resolver-binding-linux-ppc64-gnu'
125 silly reify ]
126 verbose reify failed optional dependency /Users/mac/Documents/work/saas/node_modules/@unrs/resolver-binding-linux-loong64-musl
127 silly reify mark deleted [
127 silly reify   '/Users/mac/Documents/work/saas/node_modules/@unrs/resolver-binding-linux-loong64-musl'
127 silly reify ]
128 verbose reify failed optional dependency /Users/mac/Documents/work/saas/node_modules/@unrs/resolver-binding-linux-loong64-gnu
129 silly reify mark deleted [
129 silly reify   '/Users/mac/Documents/work/saas/node_modules/@unrs/resolver-binding-linux-loong64-gnu'
129 silly reify ]
130 verbose reify failed optional dependency /Users/mac/Documents/work/saas/node_modules/@unrs/resolver-binding-linux-arm64-musl
131 silly reify mark deleted [
131 silly reify   '/Users/mac/Documents/work/saas/node_modules/@unrs/resolver-binding-linux-arm64-musl'
131 silly reify ]
132 verbose reify failed optional dependency /Users/mac/Documents/work/saas/node_modules/@unrs/resolver-binding-linux-arm64-gnu
133 silly reify mark deleted [
133 silly reify   '/Users/mac/Documents/work/saas/node_modules/@unrs/resolver-binding-linux-arm64-gnu'
133 silly reify ]
134 verbose reify failed optional dependency /Users/mac/Documents/work/saas/node_modules/@unrs/resolver-binding-linux-arm-musleabihf
135 silly reify mark deleted [
135 silly reify   '/Users/mac/Documents/work/saas/node_modules/@unrs/resolver-binding-linux-arm-musleabihf'
135 silly reify ]
136 verbose reify failed optional dependency /Users/mac/Documents/work/saas/node_modules/@unrs/resolver-binding-linux-arm-gnueabihf
137 silly reify mark deleted [
137 silly reify   '/Users/mac/Documents/work/saas/node_modules/@unrs/resolver-binding-linux-arm-gnueabihf'
137 silly reify ]
138 verbose reify failed optional dependency /Users/mac/Documents/work/saas/node_modules/@unrs/resolver-binding-freebsd-x64
139 silly reify mark deleted [
139 silly reify   '/Users/mac/Documents/work/saas/node_modules/@unrs/resolver-binding-freebsd-x64'
139 silly reify ]
140 verbose reify failed optional dependency /Users/mac/Documents/work/saas/node_modules/@unrs/resolver-binding-darwin-x64
141 silly reify mark deleted [
141 silly reify   '/Users/mac/Documents/work/saas/node_modules/@unrs/resolver-binding-darwin-x64'
141 silly reify ]
142 verbose reify failed optional dependency /Users/mac/Documents/work/saas/node_modules/@unrs/resolver-binding-android-arm64
143 silly reify mark deleted [
143 silly reify   '/Users/mac/Documents/work/saas/node_modules/@unrs/resolver-binding-android-arm64'
143 silly reify ]
144 verbose reify failed optional dependency /Users/mac/Documents/work/saas/node_modules/@unrs/resolver-binding-android-arm-eabi
145 silly reify mark deleted [
145 silly reify   '/Users/mac/Documents/work/saas/node_modules/@unrs/resolver-binding-android-arm-eabi'
145 silly reify ]
146 verbose reify failed optional dependency /Users/mac/Documents/work/saas/node_modules/@tailwindcss/oxide-win32-x64-msvc
147 silly reify mark deleted [
147 silly reify   '/Users/mac/Documents/work/saas/node_modules/@tailwindcss/oxide-win32-x64-msvc'
147 silly reify ]
148 verbose reify failed optional dependency /Users/mac/Documents/work/saas/node_modules/@tailwindcss/oxide-win32-arm64-msvc
149 silly reify mark deleted [
149 silly reify   '/Users/mac/Documents/work/saas/node_modules/@tailwindcss/oxide-win32-arm64-msvc'
149 silly reify ]
150 verbose reify failed optional dependency /Users/mac/Documents/work/saas/node_modules/@tailwindcss/oxide-linux-x64-musl
151 silly reify mark deleted [
151 silly reify   '/Users/mac/Documents/work/saas/node_modules/@tailwindcss/oxide-linux-x64-musl'
151 silly reify ]
152 verbose reify failed optional dependency /Users/mac/Documents/work/saas/node_modules/@tailwindcss/oxide-linux-x64-gnu
153 silly reify mark deleted [
153 silly reify   '/Users/mac/Documents/work/saas/node_modules/@tailwindcss/oxide-linux-x64-gnu'
153 silly reify ]
154 verbose reify failed optional dependency /Users/mac/Documents/work/saas/node_modules/@tailwindcss/oxide-linux-arm64-musl
155 silly reify mark deleted [
155 silly reify   '/Users/mac/Documents/work/saas/node_modules/@tailwindcss/oxide-linux-arm64-musl'
155 silly reify ]
156 verbose reify failed optional dependency /Users/mac/Documents/work/saas/node_modules/@tailwindcss/oxide-linux-arm64-gnu
157 silly reify mark deleted [
157 silly reify   '/Users/mac/Documents/work/saas/node_modules/@tailwindcss/oxide-linux-arm64-gnu'
157 silly reify ]
158 verbose reify failed optional dependency /Users/mac/Documents/work/saas/node_modules/@tailwindcss/oxide-linux-arm-gnueabihf
159 silly reify mark deleted [
159 silly reify   '/Users/mac/Documents/work/saas/node_modules/@tailwindcss/oxide-linux-arm-gnueabihf'
159 silly reify ]
160 verbose reify failed optional dependency /Users/mac/Documents/work/saas/node_modules/@tailwindcss/oxide-freebsd-x64
161 silly reify mark deleted [
161 silly reify   '/Users/mac/Documents/work/saas/node_modules/@tailwindcss/oxide-freebsd-x64'
161 silly reify ]
162 verbose reify failed optional dependency /Users/mac/Documents/work/saas/node_modules/@tailwindcss/oxide-darwin-x64
163 silly reify mark deleted [
163 silly reify   '/Users/mac/Documents/work/saas/node_modules/@tailwindcss/oxide-darwin-x64'
163 silly reify ]
164 verbose reify failed optional dependency /Users/mac/Documents/work/saas/node_modules/@tailwindcss/oxide-android-arm64
165 silly reify mark deleted [
165 silly reify   '/Users/mac/Documents/work/saas/node_modules/@tailwindcss/oxide-android-arm64'
165 silly reify ]
166 verbose reify failed optional dependency /Users/mac/Documents/work/saas/node_modules/@next/swc-win32-x64-msvc
167 silly reify mark deleted [
167 silly reify   '/Users/mac/Documents/work/saas/node_modules/@next/swc-win32-x64-msvc'
167 silly reify ]
168 verbose reify failed optional dependency /Users/mac/Documents/work/saas/node_modules/@next/swc-win32-arm64-msvc
169 silly reify mark deleted [
169 silly reify   '/Users/mac/Documents/work/saas/node_modules/@next/swc-win32-arm64-msvc'
169 silly reify ]
170 verbose reify failed optional dependency /Users/mac/Documents/work/saas/node_modules/@next/swc-linux-x64-musl
171 silly reify mark deleted [
171 silly reify   '/Users/mac/Documents/work/saas/node_modules/@next/swc-linux-x64-musl'
171 silly reify ]
172 verbose reify failed optional dependency /Users/mac/Documents/work/saas/node_modules/@next/swc-linux-x64-gnu
173 silly reify mark deleted [
173 silly reify   '/Users/mac/Documents/work/saas/node_modules/@next/swc-linux-x64-gnu'
173 silly reify ]
174 verbose reify failed optional dependency /Users/mac/Documents/work/saas/node_modules/@next/swc-linux-arm64-musl
175 silly reify mark deleted [
175 silly reify   '/Users/mac/Documents/work/saas/node_modules/@next/swc-linux-arm64-musl'
175 silly reify ]
176 verbose reify failed optional dependency /Users/mac/Documents/work/saas/node_modules/@next/swc-linux-arm64-gnu
177 silly reify mark deleted [
177 silly reify   '/Users/mac/Documents/work/saas/node_modules/@next/swc-linux-arm64-gnu'
177 silly reify ]
178 verbose reify failed optional dependency /Users/mac/Documents/work/saas/node_modules/@next/swc-darwin-x64
179 silly reify mark deleted [ '/Users/mac/Documents/work/saas/node_modules/@next/swc-darwin-x64' ]
180 verbose reify failed optional dependency /Users/mac/Documents/work/saas/node_modules/@img/sharp-win32-x64
181 silly reify mark deleted [ '/Users/mac/Documents/work/saas/node_modules/@img/sharp-win32-x64' ]
182 verbose reify failed optional dependency /Users/mac/Documents/work/saas/node_modules/@img/sharp-win32-ia32
183 silly reify mark deleted [ '/Users/mac/Documents/work/saas/node_modules/@img/sharp-win32-ia32' ]
184 verbose reify failed optional dependency /Users/mac/Documents/work/saas/node_modules/@img/sharp-win32-arm64
185 silly reify mark deleted [
185 silly reify   '/Users/mac/Documents/work/saas/node_modules/@img/sharp-win32-arm64'
185 silly reify ]
186 verbose reify failed optional dependency /Users/mac/Documents/work/saas/node_modules/@img/sharp-wasm32
187 silly reify mark deleted [ '/Users/mac/Documents/work/saas/node_modules/@img/sharp-wasm32' ]
188 verbose reify failed optional dependency /Users/mac/Documents/work/saas/node_modules/@img/sharp-linuxmusl-x64
189 silly reify mark deleted [
189 silly reify   '/Users/mac/Documents/work/saas/node_modules/@img/sharp-linuxmusl-x64'
189 silly reify ]
190 verbose reify failed optional dependency /Users/mac/Documents/work/saas/node_modules/@img/sharp-linuxmusl-arm64
191 silly reify mark deleted [
191 silly reify   '/Users/mac/Documents/work/saas/node_modules/@img/sharp-linuxmusl-arm64'
191 silly reify ]
192 verbose reify failed optional dependency /Users/mac/Documents/work/saas/node_modules/@img/sharp-linux-x64
193 silly reify mark deleted [ '/Users/mac/Documents/work/saas/node_modules/@img/sharp-linux-x64' ]
194 verbose reify failed optional dependency /Users/mac/Documents/work/saas/node_modules/@img/sharp-linux-s390x
195 silly reify mark deleted [
195 silly reify   '/Users/mac/Documents/work/saas/node_modules/@img/sharp-linux-s390x'
195 silly reify ]
196 verbose reify failed optional dependency /Users/mac/Documents/work/saas/node_modules/@img/sharp-linux-riscv64
197 silly reify mark deleted [
197 silly reify   '/Users/mac/Documents/work/saas/node_modules/@img/sharp-linux-riscv64'
197 silly reify ]
198 verbose reify failed optional dependency /Users/mac/Documents/work/saas/node_modules/@img/sharp-linux-ppc64
199 silly reify mark deleted [
199 silly reify   '/Users/mac/Documents/work/saas/node_modules/@img/sharp-linux-ppc64'
199 silly reify ]
200 verbose reify failed optional dependency /Users/mac/Documents/work/saas/node_modules/@img/sharp-linux-arm64
201 silly reify mark deleted [
201 silly reify   '/Users/mac/Documents/work/saas/node_modules/@img/sharp-linux-arm64'
201 silly reify ]
202 verbose reify failed optional dependency /Users/mac/Documents/work/saas/node_modules/@img/sharp-linux-arm
203 silly reify mark deleted [ '/Users/mac/Documents/work/saas/node_modules/@img/sharp-linux-arm' ]
204 verbose reify failed optional dependency /Users/mac/Documents/work/saas/node_modules/@img/sharp-libvips-linuxmusl-x64
205 silly reify mark deleted [
205 silly reify   '/Users/mac/Documents/work/saas/node_modules/@img/sharp-libvips-linuxmusl-x64'
205 silly reify ]
206 verbose reify failed optional dependency /Users/mac/Documents/work/saas/node_modules/@img/sharp-libvips-linuxmusl-arm64
207 silly reify mark deleted [
207 silly reify   '/Users/mac/Documents/work/saas/node_modules/@img/sharp-libvips-linuxmusl-arm64'
207 silly reify ]
208 verbose reify failed optional dependency /Users/mac/Documents/work/saas/node_modules/@img/sharp-libvips-linux-x64
209 silly reify mark deleted [
209 silly reify   '/Users/mac/Documents/work/saas/node_modules/@img/sharp-libvips-linux-x64'
209 silly reify ]
210 verbose reify failed optional dependency /Users/mac/Documents/work/saas/node_modules/@img/sharp-libvips-linux-s390x
211 silly reify mark deleted [
211 silly reify   '/Users/mac/Documents/work/saas/node_modules/@img/sharp-libvips-linux-s390x'
211 silly reify ]
212 verbose reify failed optional dependency /Users/mac/Documents/work/saas/node_modules/@img/sharp-libvips-linux-riscv64
213 silly reify mark deleted [
213 silly reify   '/Users/mac/Documents/work/saas/node_modules/@img/sharp-libvips-linux-riscv64'
213 silly reify ]
214 verbose reify failed optional dependency /Users/mac/Documents/work/saas/node_modules/@img/sharp-libvips-linux-ppc64
215 silly reify mark deleted [
215 silly reify   '/Users/mac/Documents/work/saas/node_modules/@img/sharp-libvips-linux-ppc64'
215 silly reify ]
216 verbose reify failed optional dependency /Users/mac/Documents/work/saas/node_modules/@img/sharp-libvips-linux-arm64
217 silly reify mark deleted [
217 silly reify   '/Users/mac/Documents/work/saas/node_modules/@img/sharp-libvips-linux-arm64'
217 silly reify ]
218 verbose reify failed optional dependency /Users/mac/Documents/work/saas/node_modules/@img/sharp-libvips-linux-arm
219 silly reify mark deleted [
219 silly reify   '/Users/mac/Documents/work/saas/node_modules/@img/sharp-libvips-linux-arm'
219 silly reify ]
220 verbose reify failed optional dependency /Users/mac/Documents/work/saas/node_modules/@img/sharp-libvips-darwin-x64
221 silly reify mark deleted [
221 silly reify   '/Users/mac/Documents/work/saas/node_modules/@img/sharp-libvips-darwin-x64'
221 silly reify ]
222 verbose reify failed optional dependency /Users/mac/Documents/work/saas/node_modules/@img/sharp-darwin-x64
223 silly reify mark deleted [ '/Users/mac/Documents/work/saas/node_modules/@img/sharp-darwin-x64' ]
224 http cache @supabase/phoenix@https://registry.npmjs.org/@supabase/phoenix/-/phoenix-0.4.2.tgz 0ms (cache hit)
225 http cache @supabase/realtime-js@https://registry.npmjs.org/@supabase/realtime-js/-/realtime-js-2.106.2.tgz 0ms (cache hit)
226 http cache @supabase/storage-js@https://registry.npmjs.org/@supabase/storage-js/-/storage-js-2.106.2.tgz 0ms (cache hit)
227 http cache iceberg-js@https://registry.npmjs.org/iceberg-js/-/iceberg-js-0.8.1.tgz 0ms (cache hit)
228 http cache @supabase/postgrest-js@https://registry.npmjs.org/@supabase/postgrest-js/-/postgrest-js-2.106.2.tgz 0ms (cache hit)
229 http cache @supabase/functions-js@https://registry.npmjs.org/@supabase/functions-js/-/functions-js-2.106.2.tgz 0ms (cache hit)
230 http cache cookie@https://registry.npmjs.org/cookie/-/cookie-1.1.1.tgz 0ms (cache hit)
231 http cache @supabase/auth-js@https://registry.npmjs.org/@supabase/auth-js/-/auth-js-2.106.2.tgz 0ms (cache hit)
232 http cache tailwind-merge@https://registry.npmjs.org/tailwind-merge/-/tailwind-merge-3.6.0.tgz 0ms (cache hit)
233 http cache clsx@https://registry.npmjs.org/clsx/-/clsx-2.1.1.tgz 0ms (cache hit)
234 http cache lucide-react@https://registry.npmjs.org/lucide-react/-/lucide-react-1.16.0.tgz 0ms (cache hit)
235 http cache @supabase/supabase-js@https://registry.npmjs.org/@supabase/supabase-js/-/supabase-js-2.106.2.tgz 0ms (cache hit)
236 silly tarball no local data for @supabase/phoenix@https://registry.npmjs.org/@supabase/phoenix/-/phoenix-0.4.2.tgz. Extracting by manifest.
237 silly tarball no local data for @supabase/realtime-js@https://registry.npmjs.org/@supabase/realtime-js/-/realtime-js-2.106.2.tgz. Extracting by manifest.
238 silly tarball no local data for @supabase/storage-js@https://registry.npmjs.org/@supabase/storage-js/-/storage-js-2.106.2.tgz. Extracting by manifest.
239 silly tarball no local data for iceberg-js@https://registry.npmjs.org/iceberg-js/-/iceberg-js-0.8.1.tgz. Extracting by manifest.
240 silly tarball no local data for @supabase/postgrest-js@https://registry.npmjs.org/@supabase/postgrest-js/-/postgrest-js-2.106.2.tgz. Extracting by manifest.
241 silly tarball no local data for @supabase/functions-js@https://registry.npmjs.org/@supabase/functions-js/-/functions-js-2.106.2.tgz. Extracting by manifest.
242 silly tarball no local data for cookie@https://registry.npmjs.org/cookie/-/cookie-1.1.1.tgz. Extracting by manifest.
243 silly tarball no local data for @supabase/auth-js@https://registry.npmjs.org/@supabase/auth-js/-/auth-js-2.106.2.tgz. Extracting by manifest.
244 silly tarball no local data for tailwind-merge@https://registry.npmjs.org/tailwind-merge/-/tailwind-merge-3.6.0.tgz. Extracting by manifest.
245 silly tarball no local data for clsx@https://registry.npmjs.org/clsx/-/clsx-2.1.1.tgz. Extracting by manifest.
246 silly tarball no local data for lucide-react@https://registry.npmjs.org/lucide-react/-/lucide-react-1.16.0.tgz. Extracting by manifest.
247 http cache @supabase/ssr@https://registry.npmjs.org/@supabase/ssr/-/ssr-0.10.3.tgz 0ms (cache hit)
248 silly tarball no local data for @supabase/supabase-js@https://registry.npmjs.org/@supabase/supabase-js/-/supabase-js-2.106.2.tgz. Extracting by manifest.
249 silly tarball no local data for @supabase/ssr@https://registry.npmjs.org/@supabase/ssr/-/ssr-0.10.3.tgz. Extracting by manifest.
250 http fetch GET 200 https://registry.npmjs.org/iceberg-js/-/iceberg-js-0.8.1.tgz 77ms (cache miss)
251 http fetch GET 200 https://registry.npmjs.org/@supabase/phoenix/-/phoenix-0.4.2.tgz 121ms (cache miss)
252 http fetch GET 200 https://registry.npmjs.org/@supabase/postgrest-js/-/postgrest-js-2.106.2.tgz 133ms (cache miss)
253 http fetch GET 200 https://registry.npmjs.org/clsx/-/clsx-2.1.1.tgz 142ms (cache miss)
254 http fetch GET 200 https://registry.npmjs.org/@supabase/storage-js/-/storage-js-2.106.2.tgz 145ms (cache miss)
255 http fetch GET 200 https://registry.npmjs.org/@supabase/realtime-js/-/realtime-js-2.106.2.tgz 153ms (cache miss)
256 http fetch GET 200 https://registry.npmjs.org/cookie/-/cookie-1.1.1.tgz 182ms (cache miss)
257 http fetch GET 200 https://registry.npmjs.org/tailwind-merge/-/tailwind-merge-3.6.0.tgz 230ms (cache miss)
258 http fetch POST 200 https://registry.npmjs.org/-/npm/v1/security/advisories/bulk 246ms
259 silly audit report {
259 silly audit report   postcss: [
259 silly audit report     {
259 silly audit report       id: 1117015,
259 silly audit report       url: 'https://github.com/advisories/GHSA-qx2v-qp2m-jg93',
259 silly audit report       title: 'PostCSS has XSS via Unescaped </style> in its CSS Stringify Output',
259 silly audit report       severity: 'moderate',
259 silly audit report       vulnerable_versions: '<8.5.10',
259 silly audit report       cwe: [Array],
259 silly audit report       cvss: [Object]
259 silly audit report     }
259 silly audit report   ]
259 silly audit report }
260 silly packumentCache corgi:https://registry.npmjs.org/postcss cache-miss
261 http cache https://registry.npmjs.org/postcss 5ms (cache hit)
262 silly packumentCache corgi:https://registry.npmjs.org/postcss set size:344717 disposed:false
263 silly packumentCache corgi:https://registry.npmjs.org/next cache-miss
264 http cache https://registry.npmjs.org/next 37ms (cache hit)
265 silly packumentCache corgi:https://registry.npmjs.org/next set size:25033982 disposed:false
266 http fetch GET 200 https://registry.npmjs.org/@supabase/supabase-js/-/supabase-js-2.106.2.tgz 520ms (cache miss)
267 http fetch GET 200 https://registry.npmjs.org/@supabase/functions-js/-/functions-js-2.106.2.tgz 534ms (cache miss)
268 http fetch GET 200 https://registry.npmjs.org/@supabase/ssr/-/ssr-0.10.3.tgz 546ms (cache miss)
269 http fetch GET 200 https://registry.npmjs.org/@supabase/auth-js/-/auth-js-2.106.2.tgz 574ms (cache miss)
270 http fetch GET 200 https://registry.npmjs.org/lucide-react/-/lucide-react-1.16.0.tgz 1042ms (cache miss)
271 silly ADD node_modules/iceberg-js
272 silly ADD node_modules/@supabase/phoenix
273 silly ADD node_modules/@supabase/storage-js
274 silly ADD node_modules/@supabase/realtime-js
275 silly ADD node_modules/@supabase/postgrest-js
276 silly ADD node_modules/@supabase/functions-js
277 silly ADD node_modules/@supabase/auth-js
278 silly ADD node_modules/cookie
279 silly ADD node_modules/tailwind-merge
280 silly ADD node_modules/lucide-react
281 silly ADD node_modules/clsx
282 silly ADD node_modules/@supabase/supabase-js
283 silly ADD node_modules/@supabase/ssr
284 silly ADD
285 silly ADD
286 silly ADD
287 silly ADD
288 silly ADD
289 silly ADD
290 silly ADD
291 silly ADD
292 silly ADD
293 silly ADD
294 silly ADD
295 silly ADD
296 silly ADD
297 silly ADD
298 silly ADD
299 silly ADD
300 silly ADD
301 silly ADD
302 silly ADD
303 silly ADD
304 silly ADD
305 silly ADD
306 silly ADD
307 silly ADD
308 silly ADD
309 silly ADD
310 silly ADD
311 silly ADD
312 silly ADD
313 silly ADD
314 silly ADD
315 silly ADD
316 silly ADD
317 silly ADD
318 silly ADD
319 silly ADD
320 silly ADD
321 silly ADD
322 silly ADD
323 silly ADD
324 silly ADD
325 silly ADD
326 silly ADD
327 silly ADD
328 silly ADD
329 silly ADD
330 silly ADD
331 silly ADD
332 silly ADD
333 silly ADD
334 silly ADD
335 silly ADD
336 silly ADD
337 silly ADD
338 silly ADD
339 silly ADD
340 silly ADD
341 silly ADD
342 silly ADD
343 silly ADD
344 silly ADD
345 silly ADD
346 silly ADD
347 silly ADD
348 silly ADD
349 silly ADD
350 silly ADD
351 silly ADD
352 silly ADD
353 silly ADD
354 silly ADD
355 verbose cwd /Users/mac/Documents/work/saas
356 verbose os Darwin 24.1.0
357 verbose node v22.22.1
358 verbose npm  v10.9.4
359 verbose exit 0
360 info ok
